---
Title: VirtualBoxを使って(気合で)Fedora24のパーティションを拡張する
Category:
- OS
- 作業メモ
- 講義
- VirtualBox
- Fedora
Date: 2016-12-24T20:27:16+09:00
URL: https://anatofuz.hatenablog.com/entry/2016/12/24/202716
EditURL: https://blog.hatena.ne.jp/anatofuz/anatofuz.hatenablog.com/atom/entry/8599973812278688600
---

<p>わりと辛かったのでメモ</p>

<p>講義でqcow2な形式を拡張して,<a class="keyword" href="http://d.hatena.ne.jp/keyword/Linux">Linux</a>のKarnelをbuildする必要があったのだが,root権限が使えない一般ユーザーなので
自分で出来る<a class="keyword" href="http://d.hatena.ne.jp/keyword/VirtualBox">VirtualBox</a>でやってみる．
気合と書いてるのはその為．</p>

<h1>なぜ<a class="keyword" href="http://d.hatena.ne.jp/keyword/VirtualBox">VirtualBox</a>を使わないといけないのか</h1>

<p>どうも<a class="keyword" href="http://d.hatena.ne.jp/keyword/VirtualBox">VirtualBox</a>で初期に振ったHDD容量以外は
<code>fdisk /dev/sda</code> しても降ることが出来ないらしい…．今回は2時間くらいそこで悩んだ</p>

<hr />

<h1><a class="keyword" href="http://d.hatena.ne.jp/keyword/VirtualBox">VirtualBox</a>での操作</h1>

<p>まずは拡張したい<a class="keyword" href="http://d.hatena.ne.jp/keyword/VirtualBox">VirtualBox</a>のイメージをCloneしておく．
右クリックでClone押せば出来るっぽい．(なぜかCloneする時のアイコンが羊です)
それで拡張する為に一旦shut downしておく．</p>

<hr />

<h1>　ターミナル上での操作</h1>

<p>まずはローカルで <code>~/VirtualBox VMs</code> にcd．</p>

<p>続いて容量の確認</p>

<pre class="code" data-lang="" data-unlink>$ VBoxManage showhdinfo anagura.vdi

UUID:           4e7f002a-a846-4880-a960-c59912501cd0
Parent UUID:    base
State:          created
Type:           normal (base)
Location:       /Users/e155730/VirtualBox VMs/anagura/anagura.vdi
Storage format: VDI
Format variant: dynamic default
Capacity:       50000 MBytes
Size on disk:   4898 MBytes
Encryption:     disabled
In use by VMs:  anagura (UUID: c4dfd1e7-5ebd-44d6-abb3-c12a3494529d)</pre>


<p>ここの <strong>Capacity</strong>が問題．今回はやった後なんでわりとでかいが,8Gb程度になってるはず．
さて変換 30Gほどあれば良いか</p>

<pre class="code" data-lang="" data-unlink>$ VBoxManage modifyhd clone-disk1.vdi --resize 30720
0%...10%...20%...30%...40%...50%...60%...70%...80%...90%...100%</pre>


<p>多分確認すれば増えている筈．</p>

<hr />

<h1>実際に反映させていく</h1>

<p>さてこれでHDDを物理的に増やした(仮想的だけど)ので,それを実際にマシン側に反映させていく．</p>

<p>とりあえず先程反映させた<a class="keyword" href="http://d.hatena.ne.jp/keyword/VM">VM</a>を起動,rootあたりで入っておく．(一応suとかしてrootになっとく)</p>

<p>まずは今現在の<a class="keyword" href="http://d.hatena.ne.jp/keyword/%A5%D1%A1%BC%A5%C6%A5%A3%A5%B7%A5%E7%A5%F3">パーティション</a>環境を確認したいので</p>

<pre class="code" data-lang="" data-unlink>$ fdisk /dev/sda

fdisk (util-linux 2.28.2) へようこそ。
ここで設定した内容は、書き込みコマンドを実行するまでメモリのみに保持されます。
書き込みコマンドを使用する際は、注意して実行してください。


コマンド (m でヘルプ): </pre>


<p>な画面を表示させる．ここで確認はpだからおもむろにpを押すと</p>

<pre class="code" data-lang="" data-unlink>デバイス  起動 開始位置 最後から   セクタ サイズ Id タイプ
/dev/sda1  *        2048  1026047  1024000   500M 83 Linux
/dev/sda2        1026048 16777215 15751168   7.5G 8e Linux LVM</pre>


<p>な画面が表示される． <strong>これは後々使うのでメモっておいてください</strong></p>

<p>ここでsda2の方を拡張するのでsda2を消す.(先の段階でサイズが直ってたら変更する必要ない)
fdisk内でdを選択</p>

<pre class="code" data-lang="" data-unlink>コマンド (m でヘルプ): d
パーティション番号 (1,2, 既定値 2): 2

パーティション 2 を削除しました</pre>


<p>な感じで削除．
続いて <strong>サイズ変更fdisk内でnを選択して作る</strong>
この時 <strong>開始位置を最初の通りに設定する</strong> こと．多分デフォルトでそうなってる．
終了位置を書かれてるMAXに設定して,再びp をすると大きくなっている．</p>

<p>ここでファイルに反映させるので必ずwを推して書き込ませること．</p>

<p>で,実際に反映させる．</p>

<pre class="code" data-lang="" data-unlink>$pvresize  /dev/sda2
  Physical volume &#34;/dev/sda2&#34; changed
  1 physical volume(s) resized / 0 physical volume(s) not resized</pre>


<p>さて変更されているか．</p>

<pre class="code" data-lang="" data-unlink>$ pvdisplay
  --- Physical volume ---
  PV Name               /dev/sda2
  VG Name               fedora_401
  PV Size               48.34 GiB / not usable 2.00 MiB
  Allocatable           yes 
  PE Size               4.00 MiB
  Total PE              12374
  Free PE               10452
  Allocated PE          1922
  PV UUID               QmA0cN-CnqX-2nFy-2FoX-JFh0-cWhP-V51KUs</pre>


<p>やっためう!!　さて続いては論理的に拡張
今回は　<code>/dev/mapper/fedora(fedora_401)-root</code>に対して行う</p>

<pre class="code" data-lang="" data-unlink>$ lvextend -l +100%FREE /dev/mapper/fedora_401-root          
  Size of logical volume fedora_401/root changed from 6.71 GiB (1717 extents) to 47.54 GiB (12169 extents).
  Logical volume root successfully resized.</pre>


<p>確認しとく</p>

<pre class="code" data-lang="" data-unlink>[root@401]/home/anagura# lvdisplay                                        
  --- Logical volume ---
  LV Path                /dev/fedora_401/swap
  LV Name                swap
  VG Name                fedora_401
  LV UUID                RyM5Tj-qGQN-PM13-gMUo-Uy7R-SdDd-4Id4Yt
  LV Write Access        read/write
  LV Creation host, time 401.pc.ie.u-ryukyu.ac.jp, 2016-10-14 20:13:39 +0900
  LV Status              available
  # open                 2
  LV Size                820.00 MiB
  Current LE             205
  Segments               1
  Allocation             inherit
  Read ahead sectors     auto
  - currently set to     256
  Block device           253:1
   
  --- Logical volume ---
  LV Path                /dev/fedora_401/root
  LV Name                root
  VG Name                fedora_401
  LV UUID                LJZan7-IpRp-7ssR-0BbZ-rovN-LcLz-7QMzpR
  LV Write Access        read/write
  LV Creation host, time 401.pc.ie.u-ryukyu.ac.jp, 2016-10-14 20:13:39 +0900
  LV Status              available
  # open                 1
  LV Size                47.54 GiB
  Current LE             12169
  Segments               1
  Allocation             inherit
  Read ahead sectors     auto
  - currently set to     256
  Block device           253:0</pre>


<p>おーけー．
ここで <code>resize2fs /dev/mapper/fedora_401-root  </code>したさはあるが,これは古いらしく</p>

<pre class="code" data-lang="" data-unlink>$xfs_growfs /dev/mapper/fedora_401-root
meta-data=/dev/mapper/fedora_401-root isize=512    agcount=4, agsize=439552 blks
         =                       sectsz=512   attr=2, projid32bit=1
         =                       crc=1        finobt=1 spinodes=0
data     =                       bsize=4096   blocks=1758208, imaxpct=25
         =                       sunit=0      swidth=0 blks
naming   =version 2              bsize=4096   ascii-ci=0 ftype=1
log      =internal               bsize=4096   blocks=2560, version=2
         =                       sectsz=512   sunit=0 blks, lazy-count=1
realtime =none                   extsz=4096   blocks=0, rtextents=0
data blocks changed from 1758208 to 12461056
</pre>


<p>で行う．</p>

<pre class="code" data-lang="" data-unlink>$ df -h                                 
ファイルシス                サイズ  使用  残り 使用% マウント位置
devtmpfs                      359M     0  359M    0% /dev
tmpfs                         371M     0  371M    0% /dev/shm
tmpfs                         371M  584K  370M    1% /run
tmpfs                         371M     0  371M    0% /sys/fs/cgroup
/dev/mapper/fedora_401-root    48G  3.8G   44G    8% /
tmpfs                         371M  8.0K  371M    1% /tmp
/dev/sda1                     477M  155M  293M   35% /boot
tmpfs                          75M     0   75M    0% /run/user/1000</pre>


<p>無事変更されてる．良かった．</p>

<p>この辺参考にすると良い?
<iframe src="//hatenablog-parts.com/embed?url=http%3A%2F%2Fqiita.com%2Fmsakamoto_sf%2Fitems%2Fb2881709f66c1ab1af74" title="VirtualBoxのゲスト CentOS 7 のVDIディスクとLVMを拡張 - Qiita" class="embed-card embed-webcard" scrolling="no" frameborder="0" style="display: block; width: 100%; height: 155px; max-width: 500px; margin: 10px 0px;"></iframe><cite class="hatena-citation"><a href="http://qiita.com/msakamoto_sf/items/b2881709f66c1ab1af74">qiita.com</a></cite></p>
